// Jest Snapshot v1, https://goo.gl/fbAQLP

exports[`renders correctly 1`] = `
<div>
  <div
    className="col-sm-10 col-sm-offset-1"
  >
    <h1>
      <span>
        ÐQuestions
      </span>
    </h1>
    <div>
      <p>
        Welcome to the Ðecentralized version of 500 Questions!
      </p>
      <button
        className="btn-block btn btn-primary"
        disabled={false}
        onClick={[Function]}
        type="button"
      >
         
        Start New Question
      </button>
    </div>
  </div>
</div>
`;
